7
8
array(3) {
  [0]=>
  float(-17.222222222222)
  [1]=>
  float(-16.666666666667)
  [2]=>
  float(-16.111111111111)
}